// Jest Snapshot v1, https://goo.gl/fbAQLP

exports[`Text should maintain consistent left and top positions after entering and exiting drawing mode 1`] = `
Object {
  "angle": 40,
  "backgroundColor": "",
  "charSpacing": 0,
  "direction": "ltr",
  "fill": "rgb(0,0,0)",
  "fillRule": "nonzero",
  "flipX": false,
  "flipY": false,
  "fontFamily": "Times New Roman",
  "fontSize": 40,
  "fontStyle": "normal",
  "fontWeight": "normal",
  "globalCompositeOperation": "source-over",
  "height": 45.2,
  "left": 10,
  "lineHeight": 1.16,
  "linethrough": false,
  "opacity": 1,
  "originX": "center",
  "originY": "center",
  "overline": false,
  "paintFirst": "fill",
  "path": null,
  "pathSide": "left",
  "pathStartOffset": 0,
  "scaleX": 1,
  "scaleY": 1,
  "shadow": null,
  "skewX": 0,
  "skewY": 0,
  "stroke": null,
  "strokeDashArray": null,
  "strokeDashOffset": 0,
  "strokeLineCap": "butt",
  "strokeLineJoin": "miter",
  "strokeMiterLimit": 4,
  "strokeUniform": false,
  "strokeWidth": 1,
  "styles": Object {},
  "text": "testString",
  "textAlign": "left",
  "textBackgroundColor": "",
  "top": 20,
  "type": "i-text",
  "underline": false,
  "version": "4.6.0",
  "visible": true,
  "width": 1,
}
`;
